// Jest Snapshot v1, https://goo.gl/fbAQLP

exports[`<CustomPagination> should render component 1`] = `
<div>
  <div
    data-testid="mock-box"
  />
</div>
`;
